python : ........
At line:1 char:1
+ python -m unittest 
tests/test_transactions.py 2> test_errors.txt
+ ~~~~~~~~~~~~~~~~~~~~~~~~~~~~~~~~~~~~~~~~~~~~~
~~~~~~~~~~~~~~~~~~~
    + CategoryInfo          : NotSpecified: (. 
   .......:String) [], RemoteException
    + FullyQualifiedErrorId : NativeCommandErr 
   or
 
-----------------------------------------------
-----------------------
Ran 8 tests in 0.003s

OK
