python : .......F
At line:1 char:1
+ python -m unittest 
tests/test_transactions.py > test_output.txt 
2>&1
+ ~~~~~~~~~~~~~~~~~~~~~~~~~~~~~~~~~~~~~~~~~~~~~
~~~~~~~~~~~~~~~~~~~~~~~
    + CategoryInfo          : NotSpecified: (. 
   ......F:String) [], RemoteException
    + FullyQualifiedErrorId : NativeCommandErr 
   or
 
===============================================
=======================
FAIL: test_restock_command (tests.test_transact
ions.TestTransactions.test_restock_command)
-----------------------------------------------
-----------------------
Traceback (most recent call last):
  File "C:\Users\hp\OneDrive\Desktop\oops 
project python\AuraRetailOS\tests\test_transact
ions.py", line 131, in test_restock_command
    self.assertEqual(self.product.get_available
_stock(), 12)  # 7 + 5
    ~~~~~~~~~~~~~~~~^^^^^^^^^^^^^^^^^^^^^^^^^^^
^^^^^^^^^^^^^
AssertionError: 10 != 12

-----------------------------------------------
-----------------------
Ran 8 tests in 0.004s

FAILED (failures=1)
  [SpiralDispenser] Dispensing 1x TEST001 via rotating spiral
  [SpiralDispenser] Dispensing 2x TEST001 via rotating spiral
  [SpiralDispenser] Dispensing 2x TEST001 via rotating spiral
  [SpiralDispenser] Dispensing 1x TEST001 via rotating spiral
